2026-08-08 05:25:23,115 INFO codementor: GET /stats -> 200 (1 ms)
2026-08-08 05:25:23,124 INFO codementor: GET /stats -> 200 (1 ms)
2026-08-08 05:26:00,755 INFO codementor: GET /stats -> 200 (1 ms)
2026-08-08 05:26:00,763 INFO codementor: GET /stats -> 200 (0 ms)
2026-08-08 05:33:31,692 INFO codementor: GET / -> 200 (84 ms)
2026-08-08 05:33:31,714 INFO codementor: GET /style.css -> 200 (3 ms)
2026-08-08 05:33:31,715 INFO codementor: GET /script.js -> 200 (3 ms)
2026-08-08 05:33:31,785 INFO codementor: GET /sessions -> 200 (31 ms)
2026-08-08 05:33:31,787 INFO codementor: GET /stats -> 200 (3 ms)
2026-08-08 05:33:54,048 INFO codementor: GET /sessions/1 -> 200 (1 ms)
2026-08-08 05:33:54,080 INFO codementor: GET /sessions -> 200 (0 ms)
2026-08-08 05:43:11,077 INFO codementor: POST /mentor -> 200 (3 ms)
2026-08-08 05:43:11,085 INFO codementor: POST /mentor -> 200 (3 ms)
2026-08-08 05:43:11,093 INFO codementor: POST /mentor -> 200 (2 ms)
2026-08-08 05:43:39,661 INFO codementor: GET /stats -> 200 (1 ms)
2026-08-08 05:43:39,668 INFO codementor: GET /stats -> 200 (0 ms)
2026-08-08 05:43:39,822 INFO codementor: POST /mentor -> 200 (2 ms)
2026-08-08 05:43:39,830 INFO codementor: POST /mentor -> 200 (2 ms)
2026-08-08 05:43:39,839 INFO codementor: POST /mentor -> 200 (2 ms)
2026-08-08 05:44:03,186 INFO codementor: GET /stats -> 200 (1 ms)
2026-08-08 05:44:03,193 INFO codementor: GET /stats -> 200 (0 ms)
2026-08-08 05:44:03,231 INFO codementor: POST /mentor -> 200 (2 ms)
2026-08-08 05:44:03,237 INFO codementor: POST /mentor -> 200 (1 ms)
2026-08-08 05:44:03,245 INFO codementor: POST /mentor -> 200 (3 ms)
2026-08-08 05:50:41,137 INFO codementor: POST /mentor -> 200 (4 ms)
2026-08-08 05:50:41,147 INFO codementor: POST /mentor -> 200 (2 ms)
2026-08-08 05:50:41,154 INFO codementor: POST /mentor -> 200 (2 ms)
2026-08-08 05:50:48,004 INFO codementor: GET /stats -> 200 (1 ms)
2026-08-08 05:50:48,014 INFO codementor: GET /stats -> 200 (0 ms)
2026-08-08 05:50:48,057 INFO codementor: POST /mentor -> 200 (2 ms)
2026-08-08 05:50:48,065 INFO codementor: POST /mentor -> 200 (2 ms)
2026-08-08 05:50:48,075 INFO codementor: POST /mentor -> 200 (3 ms)
2026-08-08 05:51:25,232 INFO codementor: GET / -> 304 (91 ms)
2026-08-08 05:51:25,255 INFO codementor: GET /style.css -> 304 (3 ms)
2026-08-08 05:51:25,256 INFO codementor: GET /script.js -> 200 (4 ms)
2026-08-08 05:51:25,307 INFO codementor: GET /sessions -> 200 (19 ms)
2026-08-08 05:51:25,311 INFO codementor: GET /stats -> 200 (2 ms)
2026-08-08 05:51:34,425 INFO codementor: GET /sessions/10 -> 200 (7 ms)
2026-08-08 05:51:34,458 INFO codementor: GET /sessions -> 200 (0 ms)
2026-08-08 05:51:40,904 INFO codementor: DELETE /sessions/9 -> 200 (4 ms)
2026-08-08 05:51:40,911 INFO codementor: GET /sessions -> 200 (1 ms)
2026-08-08 05:51:40,912 INFO codementor: GET /stats -> 200 (2 ms)
2026-08-08 05:51:48,549 INFO codementor: DELETE /sessions/8 -> 200 (4 ms)
2026-08-08 05:51:48,557 INFO codementor: GET /sessions -> 200 (4 ms)
2026-08-08 05:51:48,559 INFO codementor: GET /stats -> 200 (2 ms)
2026-08-08 05:52:52,032 INFO codementor: GET /sessions -> 200 (1 ms)
2026-08-08 05:53:07,539 INFO codementor: POST /mentor -> 200 (3708 ms)
2026-08-08 05:53:07,546 INFO codementor: GET /sessions -> 200 (1 ms)
2026-08-08 05:53:07,547 INFO codementor: GET /stats -> 200 (2 ms)
2026-08-08 05:54:13,194 INFO codementor: POST /mentor -> 200 (4329 ms)
2026-08-08 05:54:13,213 INFO codementor: GET /sessions -> 200 (2 ms)
2026-08-08 05:54:13,214 INFO codementor: GET /stats -> 200 (2 ms)
2026-08-08 05:57:22,154 INFO codementor: GET /stats -> 200 (1 ms)
2026-08-08 05:57:22,166 INFO codementor: GET /stats -> 200 (1 ms)
2026-08-08 05:57:22,208 INFO codementor: POST /mentor -> 200 (3 ms)
2026-08-08 05:57:22,215 INFO codementor: POST /mentor -> 200 (2 ms)
2026-08-08 05:57:22,232 INFO codementor: POST /mentor -> 200 (13 ms)
2026-08-08 05:57:22,239 INFO codementor: POST /mentor -> 200 (3 ms)
2026-08-08 05:57:22,406 INFO codementor: POST /mentor -> 200 (3 ms)
2026-08-08 06:00:37,460 INFO codementor: GET /stats -> 200 (1 ms)
2026-08-08 06:00:37,467 INFO codementor: GET /stats -> 200 (0 ms)
2026-08-08 06:00:37,517 INFO codementor: POST /mentor -> 200 (3 ms)
2026-08-08 06:00:37,524 INFO codementor: POST /mentor -> 200 (2 ms)
2026-08-08 06:00:37,531 INFO codementor: POST /mentor -> 200 (1 ms)
2026-08-08 06:00:37,541 INFO codementor: POST /mentor -> 200 (2 ms)
2026-08-08 06:00:37,648 INFO codementor: POST /mentor -> 200 (2 ms)
2026-08-08 06:00:37,689 INFO codementor: POST /mentor -> 200 (2 ms)
2026-08-08 06:00:37,696 INFO codementor: POST /mentor -> 200 (2 ms)
2026-08-08 06:00:37,706 INFO codementor: POST /mentor -> 200 (2 ms)
2026-08-08 06:01:04,369 INFO codementor: GET /stats -> 200 (1 ms)
2026-08-08 06:01:04,377 INFO codementor: GET /stats -> 200 (0 ms)
2026-08-08 06:01:04,413 INFO codementor: POST /mentor -> 200 (3 ms)
2026-08-08 06:01:04,422 INFO codementor: POST /mentor -> 200 (2 ms)
2026-08-08 06:01:04,431 INFO codementor: POST /mentor -> 200 (3 ms)
2026-08-08 06:01:04,439 INFO codementor: POST /mentor -> 200 (2 ms)
2026-08-08 06:01:04,544 INFO codementor: POST /mentor -> 200 (2 ms)
2026-08-08 06:01:04,571 INFO codementor: POST /mentor -> 200 (3 ms)
2026-08-08 06:01:04,580 INFO codementor: POST /mentor -> 200 (2 ms)
2026-08-08 06:01:04,588 INFO codementor: POST /mentor -> 200 (2 ms)
2026-08-08 06:01:13,473 INFO codementor: POST /mentor -> 200 (3 ms)
2026-08-08 06:01:13,572 INFO codementor: POST /mentor -> 200 (2 ms)
2026-08-08 06:01:34,998 INFO codementor: GET /stats -> 200 (1 ms)
2026-08-08 06:01:35,007 INFO codementor: GET /stats -> 200 (1 ms)
2026-08-08 06:01:35,060 INFO codementor: POST /mentor -> 200 (3 ms)
2026-08-08 06:01:35,067 INFO codementor: POST /mentor -> 200 (2 ms)
2026-08-08 06:01:35,074 INFO codementor: POST /mentor -> 200 (2 ms)
2026-08-08 06:01:35,083 INFO codementor: POST /mentor -> 200 (2 ms)
2026-08-08 06:01:35,092 INFO codementor: POST /mentor -> 200 (2 ms)
2026-08-08 06:01:35,108 INFO codementor: POST /mentor -> 200 (3 ms)
2026-08-08 06:01:35,116 INFO codementor: POST /mentor -> 200 (1 ms)
2026-08-08 06:01:35,127 INFO codementor: POST /mentor -> 200 (3 ms)
2026-08-08 06:02:13,064 INFO codementor: GET / -> 304 (92 ms)
2026-08-08 06:02:13,082 INFO codementor: GET /style.css -> 304 (2 ms)
2026-08-08 06:02:13,086 INFO codementor: GET /script.js -> 304 (2 ms)
2026-08-08 06:02:13,160 INFO codementor: GET /sessions -> 200 (27 ms)
2026-08-08 06:02:13,163 INFO codementor: GET /stats -> 200 (4 ms)
2026-08-08 06:02:36,217 INFO codementor: DELETE /sessions/11 -> 200 (3 ms)
2026-08-08 06:02:36,224 INFO codementor: GET /sessions -> 200 (1 ms)
2026-08-08 06:02:36,225 INFO codementor: GET /stats -> 200 (2 ms)
2026-08-08 06:02:39,064 INFO codementor: DELETE /sessions/10 -> 200 (2 ms)
2026-08-08 06:02:39,069 INFO codementor: GET /sessions -> 200 (1 ms)
2026-08-08 06:02:39,071 INFO codementor: GET /stats -> 200 (3 ms)
2026-08-08 06:02:42,541 INFO codementor: DELETE /sessions/1 -> 200 (3 ms)
2026-08-08 06:02:42,549 INFO codementor: GET /sessions -> 200 (4 ms)
2026-08-08 06:02:42,550 INFO codementor: GET /stats -> 200 (5 ms)
2026-08-08 06:02:52,947 INFO codementor: POST /mentor -> 200 (4419 ms)
2026-08-08 06:02:52,961 INFO codementor: GET /sessions -> 200 (1 ms)
2026-08-08 06:02:52,963 INFO codementor: GET /stats -> 200 (2 ms)
2026-08-08 06:03:18,493 INFO codementor: POST /mentor -> 200 (6839 ms)
2026-08-08 06:03:18,499 INFO codementor: GET /sessions -> 200 (1 ms)
2026-08-08 06:03:18,500 INFO codementor: GET /stats -> 200 (3 ms)
